31
 energy: -16.617914625684 gnorm: 217.678325683073 xtb: 6.6.1 (unknown)
Fe           0.91005181000000        0.88866377000000        0.89486125000000
Fe           0.90183630000000       -0.89713345000000       -0.89204973000000
Fe          -0.90158894000000        0.89662212000000       -0.89054479000000
Fe          -0.91015541000000       -0.88795556000000        0.89302353000000
S           -1.20765493000000        1.21281473000000        1.20903818000000
S            1.20739189000000       -1.21258369000000        1.20783801000000
S            1.21864198000000        1.20158480000000       -1.20504301000000
S           -1.21849567000000       -1.20159661000000       -1.20668218000000
S            1.95473105000000        2.28583323000000        2.29628027000000
C            3.76189980000000        2.14263635000000        2.15070892000000
H            4.20092894000000        2.85416210000000        2.85371610000000
H            4.11972369000000        2.39180938000000        1.14769751000000
H            4.12177830000000        1.14299615000000        2.41037565000000
S            1.93630196000000       -2.30130957000000       -2.29412009000000
C            3.74405895000000       -2.16130781000000       -2.15236485000000
H            4.10453437000000       -1.15909811000000       -2.40103269000000
H            4.18059311000000       -2.86505461000000       -2.86473812000000
H            4.10389162000000       -2.42271415000000       -1.15313677000000
S           -1.93605960000000        2.30182531000000       -2.29211831000000
C           -3.74388342000000        2.16039460000000       -2.15167698000000
H           -4.10338314000000        1.15820743000000       -2.40186049000000
H           -4.18074909000000        2.86476119000000       -2.86331650000000
H           -4.10438947000000        2.42007710000000       -1.15223343000000
S           -1.95478210000000       -2.28625150000000        2.29386393000000
C           -3.76210991000000       -2.14180525000000        2.15064917000000
H           -4.20096356000000       -2.85295674000000        2.85422910000000
H           -4.12124828000000       -2.39077011000000        1.14805159000000
H           -4.12090021000000       -1.14185106000000        2.41058473000000
C            2.11016631000000        2.06054016000000        2.07339037000000
O            2.11016631000000        2.88310240000000        1.25547145000000
O            2.11016631000000        1.23797792000000        2.89130929000000
31
 energy: -67.348380066983 gnorm: 4.452149931426 xtb: 6.6.1 (unknown)
Fe           0.91008733064635        0.88868769776568        0.89488528609608
Fe           0.90184757969951       -0.89713866948395       -0.89205476259157
Fe          -0.90160534750931        0.89661622439484       -0.89053735974277
Fe          -0.91017164530378       -0.88794808057704        0.89301772304194
S           -1.20766887119208        1.21281855427716        1.20904199725986
S            1.20740781904991       -1.21261715340144        1.20784269886074
S            1.21865840178318        1.20158977522288       -1.20507629029513
S           -1.21850779295860       -1.20160221499992       -1.20668796055827
S            1.79133480485498        2.52227496732375        2.53027821345278
C            3.76245003682074        2.14259921114476        2.15067334408961
H            4.20091851192673        2.85415937162602        2.85371309674027
H            4.11973340295769        2.39180561864417        1.14770641009587
H            4.12178837133430        1.14300503066594        2.41037231611579
S            1.93629926309616       -2.30131179628663       -2.29412229436690
C            3.74405986884917       -2.16130725074608       -2.15236425786024
H            4.10453558657139       -1.15909659403102       -2.40103268195818
H            4.18059626729593       -2.86505635621012       -2.86473987056760
H            4.10389285645296       -2.42271415073720       -1.15313527148912
S           -1.93605480420055        2.30184131699687       -2.29213054938627
C           -3.74388293645322        2.16039187447608       -2.15167528747075
H           -4.10338527289166        1.15820512728866       -2.40186080325629
H           -4.18075180789033        2.86476310294076       -2.86331825473872
H           -4.10439104640764        2.42007755636255       -1.15223147750107
S           -1.95477737333213       -2.28626380986745        2.29388002063947
C           -3.76210938028691       -2.14180357046682        2.15064642124200
H           -4.20096632401168       -2.85295850631360        2.85423102301705
H           -4.12125041146706       -2.39077040578350        1.14804923605823
H           -4.12090177895817       -1.14184903761323        2.41058518090592
C            2.27253238734790        1.82484238819010        1.84021788300368
O            2.11039292818119        2.88537779995119        1.25245883523595
O            2.11038834599503        1.23500249924658        2.89353854592763
31
 energy: -67.591664424349 gnorm: 3.943979610670 xtb: 6.6.1 (unknown)
Fe           0.89493083773804        0.91305814871159        0.92023961880999
Fe           0.91262397277095       -0.90267143692304       -0.89762626373726
Fe          -0.90722613193619        0.89892219346014       -0.88632749097488
Fe          -0.91575516767433       -0.88387802854046        0.89530859812773
S           -1.21740979578761        1.21080206046737        1.20715502126235
S            1.20763477941283       -1.22234653133159        1.20104931541234
S            1.21899364789043        1.19501286340933       -1.21433250962796
S           -1.22068442043692       -1.19986899669285       -1.20516166490843
S            1.75999786774451        2.54645656669575        2.55428772985818
C            3.81075238235489        2.11395304106259        2.12327049590504
H            4.18356845132935        2.85014688275576        2.84908609496776
H            4.16573299059200        2.38373307099729        1.13502170401403
H            4.16775506784984        1.13004329145958        2.40476091967549
S            1.93651233259217       -2.30175407465855       -2.29489267203926
C            3.74502873069495       -2.15999851807290       -2.15142595606665
H            4.10544986980291       -1.15772350833035       -2.40020971831960
H            4.18239766160516       -2.86389434125811       -2.86404345805378
H            4.10486149683037       -2.42161247550054       -1.15218736725706
S           -1.93349237508375        2.30476124755700       -2.29723257388787
C           -3.74276524786523        2.15894309059222       -2.15187468514858
H           -4.10299693857855        1.15697619725264       -2.40259006352784
H           -4.18093111680119        2.86358943350977       -2.86380225550321
H           -4.10450622118426        2.41898448381669       -1.15269486705602
S           -1.95207895510425       -2.29171633344341        2.29663120334336
C           -3.76084868848180       -2.14235476588687        2.14902117591910
H           -4.20099288447310       -2.85388511323386        2.85281919367260
H           -4.12074800960133       -2.39173312556825        1.14661544114376
H           -4.12089355737682       -1.14268210591005        2.40944641546331
C            2.25869007327877        1.84475423672742        1.85815521875649
O            2.08040153049067        2.93661636994173        1.20243866380856
O            2.07649678740875        1.19098669693844        2.94926584596991
31
 energy: -67.970410812199 gnorm: 2.852591095971 xtb: 6.6.1 (unknown)
Fe           0.90195715028422        0.92601804962332        0.93216113242091
Fe           0.92336728390702       -0.90647064140835       -0.90142925212620
Fe          -0.90984082810406        0.90196548314453       -0.88690666003398
Fe          -0.91842023772170       -0.88439008079482        0.89830777266588
S           -1.21877726697099        1.20848249758427        1.20480675456536
S            1.20571838993267       -1.22930308717329        1.19342757717523
S            1.21682406134934        1.18729918487760       -1.22179674110680
S           -1.22315442315889       -1.19785436839099       -1.20300435681806
S            1.70204449396350        2.58004944065950        2.59174101070940
C            3.88145768529437        2.07787545158318        2.08704427854442
H            4.16063600845499        2.84643414534196        2.84631521098671
H            4.19037958628751        2.38882206060498        1.12447682362956
H            4.19250362483290        1.11928094735272        2.40763320484177
S            1.93596375551851       -2.30032289611014       -2.29335089524089
C            3.74561701435133       -2.15958388335191       -2.15087208159731
H            4.10539982521190       -1.15751935768537       -2.39984986956637
H            4.18276341422418       -2.86364219703971       -2.86362766976923
H            4.10481195919400       -2.42133565639362       -1.15184643875169
S           -1.93204549108968        2.30361854644488       -2.29820710262776
C           -3.74282181638926        2.15838806936160       -2.15194180241192
H           -4.10231486563296        1.15657588432125       -2.40285686044425
H           -4.18094816974111        2.86319420142584       -2.86423210420570
H           -4.10415904394750        2.41850074604075       -1.15295645786943
S           -1.95065085977469       -2.29260687062555        2.29555956898777
C           -3.76092943029486       -2.14231069418653        2.14852541008033
H           -4.20107094661241       -2.85417254830630        2.85251195402613
H           -4.12008546026592       -2.39192039879544        1.14627435131133
H           -4.12056669510787       -1.14280205225524        2.40897663312473
C            2.28239331544948        1.87547775837752        1.88699524382678
O            2.04376269358127        3.02870099891223        1.09700927227960
O            2.04068424297646        1.08517178686744        3.04128320339594
31
 energy: -68.315404989295 gnorm: 1.625606780703 xtb: 6.6.1 (unknown)
Fe           0.91717272816628        0.92631596662254        0.93130297114684
Fe           0.93655041822193       -0.90385514435838       -0.89863365422794
Fe          -0.90992801225970        0.90631550437927       -0.89301187207494
Fe          -0.91851826241927       -0.89038734898343        0.90284883462246
S           -1.21815466272687        1.20828947547262        1.20458401746009
S            1.19718681852525       -1.23208172439378        1.18409904833995
S            1.20833001532556        1.17793046869401       -1.22478476367728
S           -1.22286921052560       -1.19563515705078       -1.20079704740275
S            1.60593400814973        2.60353784853345        2.62233313754474
C            3.93298035386968        2.06229523029059        2.07065650635012
H            4.14657825040427        2.84213732220797        2.84256603388042
H            4.21285657019516        2.40073415008154        1.11579459490492
H            4.21476338143484        1.11083133804222        2.41830665046610
S            1.93515796950398       -2.30189605039372       -2.29471334333434
C            3.74509679026055       -2.15973670548226       -2.15081712981162
H            4.10440571061037       -1.15815005942846       -2.40015008148237
H            4.18144900273313       -2.86381841771218       -2.86353403434116
H            4.10379111187036       -2.42178328191652       -1.15225281881450
S           -1.93310922761897        2.29920906959867       -2.29601775506478
C           -3.74335013655164        2.15905565734587       -2.15144527012688
H           -4.10140650844208        1.15740093671887       -2.40242566423700
H           -4.18045030759479        2.86336670578510       -2.86374381249293
H           -4.10339722371075        2.41884123519619       -1.15270668867318
S           -1.95176824816316       -2.29025721860308        2.29130156820358
C           -3.76152360388813       -2.14161520683037        2.14924866151870
H           -4.20068710401127       -2.85343236169781        2.85277996520330
H           -4.11923635329051       -2.39134182310339        1.14716200133187
H           -4.11985793371434       -1.14232600671865        2.40930964332637
C            2.35207399733374        1.91261033829215        1.91950669844472
O            2.01036612440931        3.12874989324540        0.96448777507017
O            2.01006251390451        0.95031588617220        3.13891693794941
31
 energy: -68.532201408987 gnorm: 0.659015926329 xtb: 6.6.1 (unknown)
Fe           0.94584072805842        0.92749781489173        0.93226820916602
Fe           0.93037952889587       -0.89441897966544       -0.88924827684037
Fe          -0.90596680550918        0.90411523456811       -0.89804747748890
Fe          -0.91466565631341       -0.89542815878514        0.90072629571115
S           -1.21548386699052        1.20553162804466        1.20183700665084
S            1.18803605040470       -1.23399668425874        1.18329974843660
S            1.19936401084129        1.17717895724624       -1.22672083900446
S           -1.21918874858422       -1.19803420224122       -1.20318592390483
S            1.47524760054136        2.60956679864375        2.63748919393451
C            3.95813579323171        2.06155020203402        2.06966169960486
H            4.13927609123044        2.83464606888105        2.83508093923798
H            4.24196476883563        2.40847644507548        1.10799640285874
H            4.24294985890455        1.10339922615760        2.42647383380699
S            1.93604502410712       -2.29907025834980       -2.29180021159438
C            3.74506540583971       -2.16056210242250       -2.15158867566619
H            4.10283148957298       -1.15903024574224       -2.40075468468906
H            4.17997030060293       -2.86433547115182       -2.86397871864850
H            4.10221580550309       -2.42241389434873       -1.15307449589833
S           -1.93630557835207        2.29473148788219       -2.28811272712431
C           -3.74409766329198        2.15965032983726       -2.15117066307325
H           -4.10074600080621        1.15833225250357       -2.40180188581840
H           -4.17946557918603        2.86379078890252       -2.86292993489595
H           -4.10218638819301        2.41942742737017       -1.15252825864904
S           -1.95490539184121       -2.28230645078004        2.28692293998848
C           -3.76225595595844       -2.14128391200908        2.14985169410284
H           -4.19972235860523       -2.85254596895679        2.85322203089910
H           -4.11856821610574       -2.39067459423424        1.14810474296956
H           -4.11863570987193       -1.14208933514370        2.40988821795625
C            2.45471526267452        1.95298573632387        1.95135396010370
O            1.98001864438399        3.22476022090997        0.82686228795671
O            1.98063652598124        0.81217015881907        3.23407467991224
31
 energy: -68.588692959999 gnorm: 0.296515581152 xtb: 6.6.1 (unknown)
Fe           0.97508538462340        0.93457908733636        0.93890474424535
Fe           0.92265870217986       -0.89002051481704       -0.88511614401783
Fe          -0.90698000557113        0.89971567567295       -0.89878060471154
Fe          -0.91554929773578       -0.89605761654447        0.89631817194147
S           -1.20974660645375        1.19558993881987        1.19188097731292
S            1.17880164206295       -1.23604544594847        1.18076183739920
S            1.19022942842415        1.17494970618737       -1.22951631134589
S           -1.21071321295653       -1.20309681853540       -1.20818669537041
S            1.37018224546143        2.60365508258530        2.63508446694156
C            3.95776907055048        2.06832315946349        2.07881652704617
H            4.14632242612724        2.83062528850205        2.83121778987089
H            4.30073769208014        2.40361380650019        1.11311730239865
H            4.29705241644978        1.10663215904511        2.42748312601690
S            1.93407723503421       -2.29152285153845       -2.28463364342175
C            3.74280218646817       -2.15990503158680       -2.15154002004610
H            4.10096080440535       -1.15913380201661       -2.40195631669931
H            4.17452468467969       -2.86441419742473       -2.86476129927488
H            4.10048550637654       -2.42302334162445       -1.15385588112405
S           -1.93794331971947        2.28812970676749       -2.27789653487443
C           -3.74434739197585        2.15897946796355       -2.14841034210316
H           -4.10121970875256        1.15856453375049       -2.40008973926560
H           -4.17616516144389        2.86417206007625       -2.86088310693153
H           -4.10205102037516        2.41998592694026       -1.15036585003505
S           -1.95593039159348       -2.27243228622093        2.28055225234305
C           -3.76194859654468       -2.13913708194925        2.14937694495573
H           -4.19577675503591       -2.85121284920432        2.85376444616650
H           -4.11854014367235       -2.38949906294269        1.14852762938594
H           -4.11801711818389       -1.14060155870190        2.41075683220782
C            2.50300259927505        1.97579928368421        1.96422433263717
O            1.94897438203214        3.26879913463333        0.75433764791920
O            1.94176129378232        0.74560896112237        3.28103857043128
31
 energy: -68.606175897496 gnorm: 0.178350382573 xtb: 6.6.1 (unknown)
Fe           1.00042644697294        0.94678301135538        0.94556216473687
Fe           0.92252132565807       -0.88248390065909       -0.87808944711958
Fe          -0.91361195780435        0.88316473048777       -0.90582420083593
Fe          -0.92154285899893       -0.90200588543978        0.87993523882880
S           -1.20443384401368        1.18392971065998        1.17906707670096
S            1.16696995895824       -1.23320780052062        1.18731142034675
S            1.17783416780579        1.18127258728953       -1.23219550329175
S           -1.19497097095929       -1.22151206549505       -1.22644500416759
S            1.29129151553655        2.59472202539381        2.61597724760279
C            3.95766462636807        2.07369739171984        2.09491644702588
H            4.16596158856153        2.83606721959407        2.84097382498048
H            4.38004334520822        2.38309882086534        1.13682656215739
H            4.35917645883368        1.11887584088656        2.43371168058934
S            1.92968327063695       -2.28187306053171       -2.27639040677033
C            3.73821437605342       -2.15689156706780       -2.15117070322332
H            4.09837739089218       -1.15751952760394       -2.40389648041534
H            4.16284083904202       -2.86332138120950       -2.86672991334181
H            4.09861798329978       -2.42231908519790       -1.15517560132243
S           -1.94087755346809        2.28078358698711       -2.26305447006376
C           -3.74652696478363        2.15662782703064       -2.14083903494382
H           -4.10478596454927        1.15752395712428       -2.39488821397029
H           -4.17131926116064        2.86397735203392       -2.85533660659739
H           -4.10581263247349        2.41937927026844       -1.14403994303121
S           -1.95604088213655       -2.25841708340107        2.27385847989250
C           -3.76153609586075       -2.13421494450515        2.14828138840520
H           -4.18761060048425       -2.84883606582201        2.85478921839454
H           -4.11976463842878       -2.38686648851065        1.14880251491672
H           -4.11979718423115       -1.13726744751085        2.41185396653043
C            2.51129396148017        1.98538364049878        1.95615859004489
O            1.92720707415415        3.27737127739736        0.71070384679208
O            1.89100604988469        0.72569857386099        3.29551697114110
31
 energy: -68.617319471250 gnorm: 0.136962403128 xtb: 6.6.1 (unknown)
Fe           1.03382089424252        0.97023008871116        0.95420369051962
Fe           0.92529496189926       -0.87291629925205       -0.87042197042425
Fe          -0.92583818146346        0.86145938051055       -0.91724126057495
Fe          -0.93097709015763       -0.91079895981511        0.85906425171859
S           -1.19994540523455        1.17012489170544        1.16258641853183
S            1.15569354072686       -1.22363718496624        1.19560597603779
S            1.16321758370828        1.19025814005074       -1.23652563001611
S           -1.17571744603381       -1.24486233386725       -1.24958720569281
S            1.22604183020467        2.58907867894425        2.57907541800693
C            3.96267930733049        2.07267125776219        2.12034096053218
H            4.19461014193295        2.84139028427586        2.85894209499294
H            4.45858463950353        2.34338238041124        1.17317960175968
H            4.39918233668056        1.12554420414852        2.45846297800796
S            1.92765486379748       -2.26996954268878       -2.26677017368150
C            3.73579416515571       -2.15200662493321       -2.15246521733857
H            4.09735437303885       -1.15380948136105       -2.40734010052731
H            4.15151309400374       -2.86051200156009       -2.87112678332568
H            4.09970167627671       -2.41936825039034       -1.15839168336653
S           -1.94714570923161        2.27557652530688       -2.25150173145136
C           -3.75187370522865        2.15324960667371       -2.12957949516735
H           -4.11195169992369        1.15531516229032       -2.38513838369836
H           -4.17137312381118        2.86238464929670       -2.84519845444494
H           -4.11203362618670        2.41699162715940       -1.13343152244301
S           -1.95546198909765       -2.24714881425261        2.27064932243911
C           -3.76060171852521       -2.12900835310329        2.14812787409276
H           -4.17904904639581       -2.84620667822992        2.85643429983416
H           -4.12108736527958       -2.38341270954296        1.15001537593623
H           -4.12190103709488       -1.13378291461513        2.41372974364663
C            2.51045035782263        1.99491444189621        1.92993216357411
O            1.92930122366109        3.26753557976982        0.66839078581858
O            1.82456112366351        0.73895376961227        3.29614976668389
31
 energy: -68.631740434998 gnorm: 0.137115623892 xtb: 6.6.1 (unknown)
Fe           1.08783599158726        1.01107507769437        0.97152100448932
Fe           0.92248586749589       -0.86281887146957       -0.86470047581705
Fe          -0.94678445336755        0.83789688015894       -0.92644186942719
Fe          -0.94421195656456       -0.92106150425119        0.83698468539591
S           -1.19437946949137        1.15314630423740        1.14845692732368
S            1.14433390255053       -1.20847821703938        1.20226046396695
S            1.14274613389748        1.20168827488261       -1.24031533527839
S           -1.16006963656433       -1.26683727272274       -1.27466741629184
S            1.15726054180687        2.58481360972371        2.51727359347322
C            3.97409890941763        2.06269715072364        2.15771628605356
H            4.23387363450724        2.84372592883015        2.88211778914635
H            4.53875212920507        2.27881422674234        1.22302768149165
H            4.41643874226625        1.11939269607666        2.50312626336858
S            1.93052330964558       -2.25480795622612       -2.25462288740896
C            3.73781914415144       -2.14473085529131       -2.15587741252984
H            4.09978663049995       -1.14745362478410       -2.41288360488454
H            4.14327472094621       -2.85508499819589       -2.87827088577708
H            4.10606225469920       -2.41395849196691       -1.16413482581277
S           -1.95591985713210        2.27136795114463       -2.24462578659105
C           -3.75971859013463        2.14931053624901       -2.11635978486011
H           -4.12188823534539        1.15218576723853       -2.37194765534167
H           -4.17727233421083        2.85969644101704       -2.83153046328061
H           -4.11855836985259        2.41314620106628       -1.11967647802921
S           -1.95310801377126       -2.23943569478042        2.27245264104904
C           -3.75801738356150       -2.12623382464232        2.14926617939159
H           -4.17054210948998       -2.84558031583661        2.85860668138170
H           -4.12063121948249       -2.38118697269785        1.15206250842121
H           -4.12224616156192       -1.13251598585850        2.41671183010017
C            2.51074779349775        2.01264065316530        1.87874754841331
O            1.96383533869763        3.23993679269596        0.61839607370832
O            1.72397171563038        0.79027061401932        3.28749783411914
31
 energy: -68.654978807780 gnorm: 0.175754134511 xtb: 6.6.1 (unknown)
Fe           1.16422491818184        1.05861266642593        1.00445492808936
Fe           0.90996190630544       -0.86137986993718       -0.86460704410098
Fe          -0.97533558435863        0.81529933975375       -0.92816528255059
Fe          -0.95941362195869       -0.93466248391337        0.81737395589282
S           -1.19172550399566        1.12925393685459        1.14225325242972
S            1.13598765242180       -1.20081049597194        1.20384434314895
S            1.12150187944378        1.21032925363646       -1.23631557521615
S           -1.15508140107810       -1.28041236826557       -1.29964459958962
S            1.08481700354585        2.57015757375665        2.44138086094361
C            3.99471656020316        2.05189306548548        2.19992462191900
H            4.28236240276178        2.84849733807962        2.90482085302244
H            4.60128568135941        2.21514142700000        1.27800837485783
H            4.41771381428037        1.10435392686567        2.54258828909753
S            1.93632904392917       -2.24115353612789       -2.24470604154465
C            3.74170523550846       -2.13736533802837       -2.16082712294099
H            4.10321249992073       -1.14050628389554       -2.41905416395640
H            4.13845345955547       -2.84873911880473       -2.88630671702083
H            4.11338633107748       -2.40826165961913       -1.17108588286032
S           -1.96234984693329        2.27169153211946       -2.24344013800365
C           -3.76600511507158        2.14703313686361       -2.10466513981401
H           -4.13015046269007        1.15027067450664       -2.35969343972869
H           -4.18463925797520        2.85802756850849       -2.81840131408220
H           -4.12322151190625        2.40993683714756       -1.10680765418461
S           -1.94923357207686       -2.23746602190417        2.28232872195170
C           -3.75407538110990       -2.12700206964814        2.15045864981548
H           -4.16396858357017       -2.84754872718342        2.85980383577685
H           -4.11821516729783       -2.38109173728977        1.15335575089659
H           -4.12074459984705       -1.13426937265456        2.41946284839813
C            2.51659926228497        2.04240633783624        1.80304164419304
O            2.03291381815897        3.19187871662898        0.59362027700976
O            1.58948711089134        0.88750627163791        3.26717001809982
31
 energy: -68.694644563681 gnorm: 0.221818607378 xtb: 6.6.1 (unknown)
Fe           1.23827322592520        1.06944856218144        1.04101295855014
Fe           0.89450585633295       -0.87748131830980       -0.87192578292712
Fe          -1.00149718915323        0.79802124288767       -0.92887141068100
Fe          -0.97062038334613       -0.94833912569774        0.80703376948685
S           -1.20090924188343        1.10590312307378        1.13946579870350
S            1.13725636266447       -1.22154711172445        1.20069351617894
S            1.11416519283310        1.20858408722694       -1.22715406884768
S           -1.16090470595920       -1.28279251950679       -1.31719344907941
S            1.02906771688897        2.52786916233328        2.38874030394607
C            4.02760349602310        2.05604487713860        2.22749714728752
H            4.32588351730127        2.86208197658947        2.91883675015429
H            4.61513298719117        2.20118517231017        1.31497219628069
H            4.40920533611085        1.09348166237019        2.53775802666528
S            1.94101611894338       -2.23624188522397       -2.24285620652661
C            3.74330628872536       -2.13434807860005       -2.16574663480083
H            4.10392526764524       -1.13712844394848       -2.42325081653887
H            4.13636720927901       -2.84545272083772       -2.89222114598208
H            4.11562034063033       -2.40594297726376       -1.17657207205885
S           -1.96307078651482        2.27945312348530       -2.24654323096777
C           -3.76815961183264        2.14841604410554       -2.09811226858663
H           -4.13358789796562        1.15145057468314       -2.35284949845152
H           -4.18923269748551        2.85954849315980       -2.81047078017549
H           -4.12540315132424        2.40961750727144       -1.09919540888056
S           -1.94667614162222       -2.24149441643069        2.29461470687411
C           -3.75206936392650       -2.12890049078113        2.15024501029883
H           -4.16252528456589       -2.84925897931849        2.85938663654029
H           -4.11798598523957       -2.38080840489544        1.15279036297180
H           -4.11946704447696       -1.13600735557497        2.42048049679096
C            2.53194119920713        2.08305872008195        1.72173092307483
O            2.12499626534887        3.12548806144507        0.66324393646651
O            1.45434207420125        1.02771195761454        3.23463134417736
31
 energy: -68.733791306122 gnorm: 0.188979293043 xtb: 6.6.1 (unknown)
Fe           1.26863895262749        0.99937735911905        1.03380852710107
Fe           0.88875358906284       -0.89607325518526       -0.87930424863284
Fe          -1.01710387566946        0.79099994429312       -0.93493643183213
Fe          -0.97429393689157       -0.95541012830005        0.80453377183470
S           -1.21237498126897        1.09790797823367        1.13841778090335
S            1.14526016011567       -1.25740756063569        1.20164212942686
S            1.11966203114948        1.20334259047019       -1.23201252233713
S           -1.16860778812215       -1.28166253908058       -1.32614004987372
S            1.01267841906310        2.48492325109599        2.37322155739594
C            4.06253501272358        2.06457998068453        2.23221369798432
H            4.33392788718246        2.87125146980444        2.92199064286152
H            4.60571814559962        2.21379611138414        1.32070168578990
H            4.37361944461197        1.08149310042967        2.52960788455307
S            1.94264040807811       -2.23754415178046       -2.24715517891101
C            3.74330612684157       -2.13282315152657       -2.17076717467181
H            4.10392933260246       -1.13502102376190       -2.42693686692094
H            4.13623201961574       -2.84295164337664       -2.89762065045904
H            4.11671154832580       -2.40467659905663       -1.18178374045037
S           -1.96293220075759        2.28832442649195       -2.24922677741521
C           -3.77017844925263        2.15147084039353       -2.09378079431878
H           -4.13608199725196        1.15392097573864       -2.34805390190560
H           -4.19449396365748        2.86276815680597       -2.80442387668751
H           -4.12637154452526        2.41093239054739       -1.09343585738779
S           -1.94457707249171       -2.24693813417684        2.30251699276083
C           -3.75142727538663       -2.13075856579972        2.15075385690344
H           -4.16403090083925       -2.85080813905600        2.85923939247117
H           -4.11811393359716       -2.38034777797770        1.15255928875335
H           -4.11862895008590       -1.13711894348243        2.42152963270023
C            2.55758091455109        2.14056978212003        1.65357673895371
O            2.23698049734406        3.05816127414037        0.79874838155048
O            1.34154135025544        1.19734250127793        3.21068721980091
31
 energy: -68.765921053558 gnorm: 0.140216618334 xtb: 6.6.1 (unknown)
Fe           1.24429315333533        0.95784616991932        0.99588467161256
Fe           0.88932852684998       -0.89591437376969       -0.87489416456506
Fe          -1.01532935535260        0.79601116525182       -0.93827216329134
Fe          -0.96743438323220       -0.96190756731495        0.80298226950682
S           -1.19996358544908        1.09563213670545        1.14163285142149
S            1.14656830738672       -1.24911705559837        1.20548762659358
S            1.12382027116277        1.20000718124325       -1.23297372068119
S           -1.17503827953224       -1.28242351408821       -1.33046391867271
S            1.02617295470865        2.54156624851751        2.35715166568296
C            4.05789379012062        2.03846819026212        2.23760070636482
H            4.30916092941123        2.85286141984763        2.91958519409486
H            4.63443935968946        2.15995778921676        1.31862427146159
H            4.31432637512117        1.05366452239042        2.60949395369510
S            1.94496952478323       -2.23974983060647       -2.25287409785658
C            3.74779770006148       -2.12606952639043       -2.17771623831146
H            4.10743247046999       -1.12750030603918       -2.43358514930901
H            4.14180589617901       -2.83495208873120       -2.90637536370512
H            4.12478097062604       -2.39873734472108       -1.18998238052139
S           -1.96927446914080        2.28840137805691       -2.24929635199118
C           -3.77574592563569        2.15328374170326       -2.08708504016029
H           -4.14040603714375        1.15520405914286       -2.34014123404136
H           -4.20641846174488        2.86414833512551       -2.79421925476768
H           -4.12656883172522        2.41035213318954       -1.08436120462854
S           -1.94228119043667       -2.25055935709401        2.30847127846945
C           -3.74893139697803       -2.13629905762894        2.15419046131345
H           -4.16569292155269       -2.85711305198166        2.85945600694771
H           -4.11143019290798       -2.38420633096191        1.15399738163717
H           -4.11607382424893       -1.14276602896686        2.42402810369153
C            2.57675764671181        2.18163443653832        1.64767183339693
O            2.30342569839412        3.07727396092749        0.72623886376677
O            1.29811425001632        1.24262308566826        3.24991425277973
31
 energy: -68.805119261871 gnorm: 0.112712334413 xtb: 6.6.1 (unknown)
Fe           1.18678976921465        0.90683848627171        0.96542620214619
Fe           0.90264313500673       -0.89094710237503       -0.86620786516000
Fe          -1.01878597645195        0.80630508602314       -0.94607576453827
Fe          -0.95087509973074       -0.97588544805616        0.81162010785821
S           -1.19013527150872        1.08722251853397        1.14718403153912
S            1.15005052447435       -1.22859640263014        1.20389173962202
S            1.12297885872110        1.19820227056571       -1.19916813374601
S           -1.17628696949723       -1.27510135386497       -1.32687139972133
S            1.05013184304755        2.61055783872395        2.33797816592912
C            4.05089706183592        1.98263722890683        2.22554669272995
H            4.27430246580026        2.80412534771251        2.90138901152464
H            4.67314380999863        2.08689210936830        1.31503781342347
H            4.22354109845041        1.00450654738896        2.68917391155499
S            1.94818365407861       -2.24816237815950       -2.26142767343733
C            3.75424571909584       -2.11358024833730       -2.18730352485558
H            4.11111124349101       -1.11321059983153       -2.44184284100532
H            4.15306136177106       -2.81992965839036       -2.91751800474008
H            4.13570824913302       -2.38711484819188       -1.20106021733474
S           -1.97887338842577        2.27698396607901       -2.24846435531888
C           -3.78450374228169        2.15443580251098       -2.07989263870740
H           -4.14609799204316        1.15557173186889       -2.33191429494988
H           -4.22269657122600        2.86493342277861       -2.78262343095812
H           -4.12713209690508        2.40775064056226       -1.07377887819046
S           -1.94126906560914       -2.25469512638528        2.31018414810281
C           -3.74717002077369       -2.14791573309381        2.15750872106802
H           -4.16834952909432       -2.87075865353831        2.85815771891327
H           -4.10178447054183       -2.39348046810720        1.15394425520474
H           -4.11327498549674       -1.15449012024123        2.42624910980254
C            2.61712443828631        2.26323847526813        1.61673987454039
O            2.46770293216495        3.09256870261701        0.65939016225846
O            1.17611798495994        1.35271848582532        3.30489846637413
31
 energy: -68.833669133194 gnorm: 0.089218659665 xtb: 6.6.1 (unknown)
Fe           1.09012091054642        0.86059862272917        0.94371007418497
Fe           0.92708130076005       -0.88443044382625       -0.86411329407937
Fe          -1.01345367857563        0.81111024345870       -0.95615980843007
Fe          -0.93212863697575       -0.98910978856015        0.82087385422365
S           -1.18329718356070        1.08251897628854        1.14705872945432
S            1.16062418777316       -1.24642152824257        1.20736385649698
S            1.11466725169926        1.21492752005704       -1.16547822856610
S           -1.16773905382989       -1.27678609514606       -1.31912272976030
S            1.09710100242865        2.66935673676637        2.34911148443721
C            4.03239986522525        1.93036137148659        2.19659249603052
H            4.24353792741354        2.74798562028222        2.88144690555914
H            4.68823456991307        2.04570512877282        1.32190596946032
H            4.14536263569740        0.97943167086633        2.71207897585948
S            1.94948893872423       -2.25881659754488       -2.27107504091428
C            3.75861667264344       -2.10481166141025       -2.19397158457452
H            4.11022711247600       -1.10193186937160       -2.44715379089267
H            4.16531471992129       -2.80736713566581       -2.92471832654764
H            4.14366705902161       -2.37693604447799       -1.20836459613883
S           -1.98861885687831        2.25987912587213       -2.25054176641970
C           -3.79291941830137        2.15377291967425       -2.07594504304558
H           -4.15524779506354        1.15559388813746       -2.32748805748898
H           -4.23386548739913        2.86575746044984       -2.77521640107900
H           -4.12716654301311        2.40671911543722       -1.06745270145314
S           -1.94381647285637       -2.25601920266506        2.30825758133115
C           -3.74851410027519       -2.15543016152750        2.15939426368148
H           -4.17180453348633       -2.88015794460386        2.85689772118947
H           -4.09676944915976       -2.40089736158427        1.15381678607056
H           -4.11531549347525       -1.16274204751944        2.42782889298825
C            2.66066066392472        2.33868481859212        1.60122412017100
O            2.64787854365611        3.12271336770338        0.61714793814777
O            1.06617231097097        1.43836181537572        3.36226283002952
31
 energy: -68.849850622258 gnorm: 0.065464198402 xtb: 6.6.1 (unknown)
Fe           0.97650090689471        0.84998454349372        0.93662445728196
Fe           0.94322457234073       -0.89209178459151       -0.87086962539282
Fe          -0.99804590816386        0.81071697210895       -0.96052353379288
Fe          -0.91135874272548       -0.99640308602222        0.83522032032553
S           -1.22151803001098        1.07161524602421        1.13797924127991
S            1.19239727228036       -1.26875774513545        1.20553029435726
S            1.11566139726636        1.21727855652677       -1.16903791637837
S           -1.15643539136994       -1.28540611660325       -1.29972125588956
S            1.13742885679280        2.72023810188321        2.36545952612915
C            4.01535539961013        1.89381927726680        2.17584564623902
H            4.24712657848934        2.69494865257052        2.87619369076241
H            4.72856507542779        1.99736542882713        1.33890569115000
H            4.06389939186188        0.94980065401179        2.71602863335415
S            1.95509850312335       -2.26344598731976       -2.28472069244502
C            3.76421314776048       -2.09854691416472       -2.20092746287724
H            4.10741034591159       -1.09228276993368       -2.45277293570725
H            4.17874709141912       -2.79632847688812       -2.93186633953517
H            4.15056095238531       -2.36755070112168       -1.21489845212172
S           -1.99775746255262        2.24976995100717       -2.25967085827033
C           -3.80096819425093        2.15031577345056       -2.07143843687852
H           -4.17103829183005        1.15452155968464       -2.32131738188986
H           -4.24350826490614        2.86545206606270       -2.76672496872498
H           -4.12660217290825        2.40572981780820       -1.06071281276419
S           -1.94519143976571       -2.26588431062922        2.30498850024727
C           -3.74968149811008       -2.16040817951134        2.16010824907166
H           -4.17429992876624       -2.88589991747053        2.85634241638607
H           -4.09715210913483       -2.40580333821415        1.15451292731339
H           -4.11844131240874       -1.16842835051033        2.42955195516438
C            2.69413534660809        2.41279353605992        1.58643776861004
O            2.80674830195544        3.15531584464097        0.60008914176125
O            0.96542457672134        1.52919221649292        3.40555532315534
31
 energy: -68.857627906559 gnorm: 0.051449034045 xtb: 6.6.1 (unknown)
Fe           0.84291663615172        0.86735089851883        0.93618013769656
Fe           0.95923807970740       -0.90064234614733       -0.87614607228833
Fe          -0.97109315999728        0.80386637006439       -0.95760223889042
Fe          -0.88818253211873       -0.99539702522077        0.85346928209952
S           -1.29855639941012        1.06873106523751        1.13656310852220
S            1.22395406742672       -1.24831630667602        1.20387452238268
S            1.13304045618784        1.20738978313206       -1.17517012601654
S           -1.14296246556846       -1.30187226914356       -1.27074552649514
S            1.18802736890793        2.75666738255495        2.40081093276587
C            4.00138910124611        1.87023361391137        2.14820613860886
H            4.27749793863484        2.63662335878731        2.87484564880367
H            4.73321557796709        1.95984418148512        1.34673521418189
H            3.99138314472299        0.92058212516031        2.67111866489226
S            1.96379722846615       -2.26630168002607       -2.29728835139812
C            3.77160107903494       -2.09446840733499       -2.20479373138174
H            4.10693993975884       -1.08529998502159       -2.45560711686273
H            4.19480818174470       -2.78813740540727       -2.93422950867593
H            4.15697145124756       -2.35968633703768       -1.21748827210815
S           -2.00217674864081        2.22946121830350       -2.27191648722316
C           -3.80550158356797        2.14431770631714       -2.06963737593266
H           -4.18949266438627        1.15263557676478       -2.31647837071981
H           -4.24668477101192        2.86403923005280       -2.76177641834881
H           -4.12179630969918        2.40470795444984       -1.05685013522738
S           -1.94929135724208       -2.28792301178261        2.29142258770339
C           -3.75387787167241       -2.16319765839379        2.15672471798458
H           -4.18113787063489       -2.88687046797513        2.85371017817641
H           -4.10566791429129       -2.40673579153782        1.15234661775156
H           -4.11900347557817       -1.16973993673242        2.42783553778805
C            2.72280234430223        2.46689089555002        1.58981675020336
O            2.91428322660295        3.20037220648841        0.60951728434169
O            0.92405827165737        1.58249558147352        3.43272351758613
31
 energy: -68.861467099164 gnorm: 0.048289311614 xtb: 6.6.1 (unknown)
Fe           0.77489376424520        0.92778849902347        0.93071609957655
Fe           0.95625265628139       -0.90441967535414       -0.86748525898662
Fe          -0.96854337346255        0.78147829534823       -0.95629534414188
Fe          -0.89614974640651       -0.99372894157317        0.85554454759854
S           -1.38479719622280        1.06174094794019        1.12445965924954
S            1.22054052890530       -1.19183609000952        1.22387085589266
S            1.13186481411309        1.19546304137713       -1.20058175749360
S           -1.13932861406679       -1.32855358177654       -1.25967200569893
S            1.20535857236990        2.79819209084253        2.38700646674169
C            4.00931368406225        1.85209914146426        2.16286549825615
H            4.34536969266910        2.58523726784729        2.90785444980840
H            4.79795002658530        1.86778218003414        1.37994254762856
H            3.92379055134747        0.87437976951906        2.67090224637126
S            1.97556299810590       -2.25131053386630       -2.29258562696571
C            3.78211826136873       -2.08416739334725       -2.21046772544883
H            4.11174712973783       -1.07374205986074       -2.46273497856154
H            4.20500293344294       -2.77593035318431       -2.94132572540428
H            4.17072561162698       -2.34744548968209       -1.22410436288979
S           -2.00981471457248        2.20561568657610       -2.29251222023655
C           -3.81224191880010        2.13378742205133       -2.06169904169385
H           -4.21387932612859        1.14698810239271       -2.30325614575722
H           -4.25339498609661        2.85860913760623       -2.74919662477404
H           -4.11480969375784        2.39976272312286       -1.04519004647136
S           -1.94802452917102       -2.32620536209894        2.27835513743299
C           -3.75251202517095       -2.16995116669891        2.15249927657802
H           -4.18392665161839       -2.88918274664874        2.85171674149549
H           -4.11516921188438       -2.40838283741129        1.15052628465793
H           -4.10717298875415       -1.17292920256449        2.42730669636282
C            2.74580952663987        2.52032167153025        1.56595815470430
O            2.99565981238011        3.23442678909367        0.58565817526727
O            0.87830338217640        1.65573318811183        3.43209513681399
31
 energy: -68.865369186861 gnorm: 0.044493118669 xtb: 6.6.1 (unknown)
Fe           0.69651198579240        0.96059024052709        0.93556385504089
Fe           0.96029747267833       -0.88905759707149       -0.85219071871058
Fe          -0.97350842937067        0.76755029092297       -0.95090755982755
Fe          -0.90635006782670       -0.98741918823097        0.86620517669621
S           -1.45844117729575        1.06074529004703        1.11606026474625
S            1.20814573882657       -1.14499034443324        1.24602287315220
S            1.11759090665985        1.20651696179828       -1.19427242795003
S           -1.13306957381922       -1.34751443305941       -1.23932727054186
S            1.25595130657524        2.79656282390946        2.42030094664642
C            4.01660189471739        1.85433663015270        2.14352149845738
H            4.39666438523022        2.53616119468622        2.92548987794156
H            4.77707192224358        1.84254554188648        1.37288699457818
H            3.88765773191167        0.85843101130615        2.58320990445003
S            1.98693624343537       -2.24137886795781       -2.27263413890531
C            3.79385292769632       -2.07705496246278       -2.20471750010239
H            4.12121417757479       -1.06709309253929       -2.46099311119738
H            4.21481457271621       -2.76933375869914       -2.93619916566404
H            4.18796762724813       -2.33835229867475       -1.22008295201519
S           -2.01277609169879        2.16990224742891       -2.32514143898495
C           -3.81369745522065        2.12382196116671       -2.06543349144267
H           -4.23495175575017        1.14260163879454       -2.29917293207610
H           -4.25332276015263        2.85422073244344       -2.74849799570328
H           -4.09858139949171        2.39699604933935       -1.04487591696901
S           -1.95482947932727       -2.36621249592900        2.25619806005202
C           -3.75867230254120       -2.17197185329880        2.14301940377999
H           -4.19912389182940       -2.88358440636639        2.84477194055135
H           -4.13232733062465       -2.40369738760552        1.14310165893958
H           -4.09492985722820       -1.16850944154460        2.41985389719050
C            2.77969012326338        2.53594947813107        1.57432501948658
O            3.02626295317853        3.27164686932818        0.62039881826197
O            0.92784857237659        1.65921168582240        3.42368754003067
31
 energy: -68.868554462968 gnorm: 0.035806720958 xtb: 6.6.1 (unknown)
Fe           0.66577536928856        0.99833313056382        0.94938465765621
Fe           0.95737416754038       -0.85898044976797       -0.82808584834681
Fe          -1.01013700569008        0.75299417167695       -0.96221648679599
Fe          -0.93122794051823       -0.97788874291900        0.86849986947765
S           -1.48997745172254        1.06835173799576        1.09502112075541
S            1.17782602953517       -1.09690964080301        1.27519675803339
S            1.07464032151342        1.23813869820947       -1.17088649808265
S           -1.12418261163763       -1.36652389832227       -1.23315017507085
S            1.29524456249050        2.80264293892001        2.41828205942930
C            4.03478153742933        1.84302725286308        2.14477130916737
H            4.43844343231441        2.49222349464833        2.93822975775579
H            4.78985940154908        1.77569707365937        1.37011099652034
H            3.87163321534794        0.84021514080817        2.55108507952196
S            1.99734035114123       -2.21935593580368       -2.23462098204066
C            3.80603816637313       -2.05953535249370       -2.19333581031439
H            4.13550760345331       -1.05234948072822       -2.45759749571455
H            4.21391505732574       -2.75602262577707       -2.92893005349366
H            4.21293499283071       -2.32140845718802       -1.21378540166655
S           -2.02717615900883        2.13582864660559       -2.35599214736030
C           -3.82373549297338        2.11174977249661       -2.07029476479120
H           -4.25742479022135        1.13423149109573       -2.29509855847533
H           -4.26440474793117        2.84596655805438       -2.74811797458119
H           -4.08810779725867        2.38893872837521       -1.04510384468507
S           -1.96152617411784       -2.39020655631240        2.23299409224639
C           -3.76415477158132       -2.17722513136460        2.13355968683062
H           -4.20960215315135       -2.88286057725645        2.83818602247460
H           -4.14685558269301       -2.40278540900748        1.13543059498798
H           -4.08202992713133       -1.16842558309913        2.41229360003872
C            2.81299877331579        2.53692461066974        1.57331129225755
O            3.04362043209452        3.28602819222887        0.60349596319729
O            0.98310816204064        1.66080672179054        3.41753429097284
31
 energy: -68.877536646127 gnorm: 0.031737227360 xtb: 6.6.1 (unknown)
Fe           0.64207525293144        0.97414902518035        0.93843284924173
Fe           0.95246108399996       -0.85338345745262       -0.82134488621153
Fe          -1.02422368500263        0.75512783089017       -0.96902178874057
Fe          -0.93796639241087       -0.98189023102109        0.86732261491629
S           -1.50494362591227        1.06642633586880        1.09518345956698
S            1.17060885679528       -1.10521507128255        1.28010202778064
S            1.06070634853619        1.24553422386853       -1.16841263287606
S           -1.12354584012509       -1.36121135199273       -1.23819293035172
S            1.27130700837194        2.72887749020428        2.32007399980932
C            4.03384328570324        1.84286512323679        2.16083674984087
H            4.43524705500598        2.46413248656521        2.96675856078818
H            4.79671556012914        1.75944001315627        1.38782783659688
H            3.81391517703362        0.84932889594995        2.55871538077940
S            2.00104621152974       -2.21030880394798       -2.22040093247032
C            3.81012611468768       -2.05217279965423       -2.18683639396560
H            4.14134134628893       -1.04630637447202       -2.45448689980184
H            4.21049379289903       -2.75132961176609       -2.92411200832631
H            4.22261318059636       -2.31424247235352       -1.20992523300061
S           -2.03909565787644        2.12477171941897       -2.36770410751987
C           -3.83176459540132        2.10983449072870       -2.07263024871213
H           -4.26821912528079        1.13335078293747       -2.29291708187394
H           -4.27454338735925        2.84434803156500       -2.74796074164857
H           -4.08635739644955        2.38779386718887       -1.04661719690447
S           -1.96749697980412       -2.39144893842481        2.22986519891629
C           -3.76857395440167       -2.17737334282747        2.13229326403692
H           -4.21504355155891       -2.88172960735207        2.83709781114392
H           -4.15204386216966       -2.40154609167898        1.13444204697666
H           -4.08135555818706       -1.16796752685313        2.41123894126512
C            2.85396992916008        2.59557606449067        1.57034384943117
O            3.06655243468153        3.33024964683227        0.58974125824835
O            1.12264994353675        1.66594017281514        3.46045834296887
31
 energy: -68.882949682822 gnorm: 0.056487381493 xtb: 6.6.1 (unknown)
Fe           0.59603106300669        0.95576526815995        0.91004195925069
Fe           0.94242727385869       -0.84916044016368       -0.81741864634953
Fe          -1.04769823703778        0.74315701784994       -0.98898663143969
Fe          -0.95228782645943       -0.99216424624234        0.85516832982807
S           -1.53521003683715        1.05597541449610        1.08390458389152
S            1.15341840601440       -1.10015083904710        1.28364014679410
S            1.03751131602524        1.25091576518268       -1.17996489520287
S           -1.12947936564717       -1.37204550306653       -1.24789980127551
S            1.29811000237795        2.64574437418431        2.24192150307689
C            4.03098180303591        1.84690554794242        2.17725995633316
H            4.42921873445033        2.43052543095697        3.00600110093231
H            4.81419846347504        1.73376336991854        1.42227319210574
H            3.71963973435552        0.86806412354140        2.55703107221441
S            2.00758973519111       -2.19955281799014       -2.20430265614810
C            3.81690218536407       -2.04051680296147       -2.17663870777186
H            4.14896240225952       -1.03598465377384       -2.44871195684032
H            4.21078975375284       -2.74269836023533       -2.91460029773102
H            4.23540865937844       -2.30084879039206       -1.20190987500525
S           -2.05804297606719        2.11275829359144       -2.38623138319563
C           -3.84609680214077        2.10421550305017       -2.07671100933507
H           -4.28743059720246        1.12898318032767       -2.29071609754490
H           -4.29317333103328        2.83850137137577       -2.74874607740034
H           -4.08859070751969        2.38456173415747       -1.04950668133675
S           -1.97720491889640       -2.39778532173044        2.22633894235983
C           -3.77628203441394       -2.17776312638285        2.13223133587983
H           -4.22463205643062       -2.87994926519065        2.83762030025508
H           -4.16196590369862       -2.40057974694757        1.13512436103780
H           -4.08282759936747       -1.16713986099122        2.41115621585122
C            2.90663962388049        2.64616894623135        1.54486479240349
O            3.12679529769718        3.40765437412692        0.59950190829003
O            1.31679690857597        1.68430057983927        3.52843612597632
31
 energy: -68.886523217086 gnorm: 0.037474991106 xtb: 6.6.1 (unknown)
Fe           0.56589483329976        0.96755205434993        0.87641972180119
Fe           0.93042562447365       -0.84702913341853       -0.82253884086617
Fe          -1.06755665918339        0.73059399508752       -1.01022876508495
Fe          -0.96965611800451       -0.99664487076688        0.84156986412972
S           -1.55886499069813        1.05199544843477        1.06427596964286
S            1.13428898218396       -1.08045976454223        1.28082467062535
S            1.01532435041344        1.25022299005787       -1.20825860901629
S           -1.13961567844045       -1.38535516017602       -1.25811167299296
S            1.36355078089803        2.62154918832228        2.25280261887440
C            4.03994686537586        1.84313124861992        2.18711041474837
H            4.44154238642751        2.39593153735882        3.03474462148314
H            4.83543653358893        1.70192286075941        1.44788170606635
H            3.65775581671533        0.87849292104051        2.55021799816988
S            2.01524210613580       -2.19591856640206       -2.18812719779185
C            3.82400095356273       -2.03030370119004       -2.16524099967043
H            4.15314595470343       -1.02617385943048       -2.44247273740340
H            4.21578234210886       -2.73468221358791       -2.90208691567036
H            4.24698395047202       -2.28595757362068       -1.19121261954796
S           -2.08193366270000        2.09296359866964       -2.41086100674466
C           -3.86588806468848        2.09341930238266       -2.08159355419058
H           -4.31335486615739        1.11913375400575       -2.28705023889968
H           -4.31785395579506        2.82698725493431       -2.75104002307825
H           -4.09495553057280        2.37822490732706       -1.05254015740779
S           -1.98325142608677       -2.40257289044845        2.22345046747194
C           -3.78168096840592       -2.17694698370061        2.13650234556835
H           -4.23020896376104       -2.87650976544011        2.84434856144313
H           -4.17206712519753       -2.39973536238069        1.14124900489174
H           -4.08337326974742       -1.16493812542990        2.41520865309787
C            2.95643335650193        2.68857625950308        1.54741734083601
O            3.18816847991426        3.48130537049559        0.63627776062593
O            1.40683693261091        1.66284579900136        3.51123272879229
31
 energy: -68.889281965652 gnorm: 0.021165279322 xtb: 6.6.1 (unknown)
Fe           0.54421024564144        0.98493885242273        0.84749099514543
Fe           0.91393125404852       -0.84737263576649       -0.84549943154405
Fe          -1.08604840961487        0.71581960287288       -1.04051592429913
Fe          -0.99699954925626       -0.99454976774875        0.81948896290371
S           -1.57977403087789        1.05850405183559        1.03027658567350
S            1.10624792260512       -1.06546418763241        1.26044260414719
S            0.99292523198156        1.24762830005340       -1.24082320003039
S           -1.15860045107275       -1.40320336113900       -1.27518404419604
S            1.41839153226054        2.58170119337582        2.25675556176747
C            4.06436581090466        1.84814391168930        2.20697763087043
H            4.47209369514102        2.37376230493408        3.06950499961588
H            4.86825499721620        1.66696566944328        1.48877104419657
H            3.63013699067451        0.90584981520647        2.55128003433929
S            2.02488498577485       -2.20243516300494       -2.17611842394903
C            3.83169285302282       -2.01564512516525       -2.15026416057770
H            4.15164328004129       -1.00990770645583       -2.43257766209769
H            4.23062613630354       -2.71987166266619       -2.88295714769725
H            4.25684035436379       -2.26195859418925       -1.17463014786996
S           -2.12021852108773        2.05919607522859       -2.45272390163896
C           -3.89856286517791        2.07934509239257       -2.08792338169027
H           -4.35947454060916        1.10794543779895       -2.27999285457385
H           -4.35691042127699        2.81364978998882       -2.75265661669546
H           -4.10612850151672        2.37204290064091       -1.05545119263723
S           -1.99206946654961       -2.40722407320951        2.21332785556842
C           -3.79108278808098       -2.17447572613950        2.14032435035802
H           -4.23781504816272       -2.87130176511537        2.85236107471056
H           -4.19077418820537       -2.39695716071324        1.14843484442141
H           -4.08762524962656       -1.16094764069738        2.42036016506313
C            3.00732906491461        2.71648802673619        1.56908970996187
O            3.25507886914672        3.52488710652988        0.68044096899153
O            1.52392977702193        1.65606695830778        3.51216181166518
31
 energy: -68.890762815756 gnorm: 0.012197805871 xtb: 6.6.1 (unknown)
Fe           0.52975359283566        0.99166282378446        0.81746143570421
Fe           0.89843831117203       -0.84834764503092       -0.86536073275186
Fe          -1.10172312700954        0.71306359275481       -1.06950985947712
Fe          -1.01852350577864       -0.99035862962399        0.79552261498490
S           -1.59547215726854        1.06702911704622        0.99771435181852
S            1.08463227271701       -1.06043524089230        1.24315716756244
S            0.97452911332801        1.24406588562990       -1.27824721835364
S           -1.17447583590600       -1.40733950170280       -1.29579553738077
S            1.45252124623689        2.53948517681844        2.24959125100089
C            4.09849739862371        1.85011425776176        2.23259853135866
H            4.50289674787090        2.36332438938282        3.10445675343124
H            4.90569660480347        1.65426086725700        1.52964449554222
H            3.65121789781155        0.91972007180462        2.56229086346136
S            2.03295517998979       -2.20880579651916       -2.17009545946035
C            3.83739905880819       -1.99910346193556       -2.13437228876737
H            4.14525024947135       -0.99047538923421       -2.41991274380627
H            4.25092094593759       -2.70161675070042       -2.86073303888408
H            4.25989722365600       -2.23395022951900       -1.15457775843699
S           -2.16370737330756        2.02220816234899       -2.49962737396583
C           -3.93514941511979        2.06383123406014       -2.09382656046797
H           -4.41178401322304        1.09649164083343       -2.27096474025282
H           -4.39991597446631        2.80023223504178       -2.75223824551120
H           -4.11782559495434        2.36438903120962       -1.05794834534826
S           -2.00204126976943       -2.40039843509265        2.19929224681484
C           -3.80286260813755       -2.16971687611381        2.14323314221157
H           -4.24307371149522       -2.86582936609527        2.86035853615985
H           -4.21230866820123       -2.39293653322080        1.15528293829772
H           -4.09684924491956       -1.15588315278878        2.42546669092048
C            3.04745629729950        2.71540327085779        1.58813086834567
O            3.31444915800212        3.54041228341225        0.71735447561597
O            1.61970017094064        1.66112348827787        3.52182464953592
31
 energy: -68.891604928603 gnorm: 0.008590158969 xtb: 6.6.1 (unknown)
Fe           0.52534436924442        0.99681796921765        0.79668628507006
Fe           0.88508826794273       -0.84919545204969       -0.88962858960674
Fe          -1.11105241384202        0.71314344676553       -1.09737092017426
Fe          -1.03697692357193       -0.98343746210927        0.77300382801599
S           -1.60070042563786        1.07953564259220        0.96729067487134
S            1.06726412839954       -1.05558836317966        1.21926470719813
S            0.96390487019079        1.24292256420733       -1.30303678062462
S           -1.18721076196116       -1.40908854862655       -1.31587414718139
S            1.47824597749316        2.50771387318906        2.23995503984949
C            4.13834698835372        1.84609716883782        2.25948152536025
H            4.53256153661903        2.36261873217184        3.13337815076395
H            4.94986929157123        1.65132246016387        1.56503536227021
H            3.69128354478046        0.91493708588694        2.58576757507300
S            2.03793486901835       -2.21634644266360       -2.17222437707780
C            3.83931141179286       -1.97927553903856       -2.11754762168787
H            4.13445545199327       -0.96730254504338       -2.40492253671127
H            4.27242596370452       -2.67886223376919       -2.83585846627070
H            4.25492889707033       -2.20243936701432       -1.13190241775742
S           -2.20749218863685        1.98784012707469       -2.53851270544482
C           -3.97130167469481        2.04696371237751       -2.09760517572184
H           -4.46069917691800        1.08368436495041       -2.26185089024133
H           -4.44184868744299        2.78585928693711       -2.74931874001682
H           -4.13119246453375        2.35258281554708       -1.05948982286035
S           -2.01180108437269       -2.38727345526384        2.18495147997179
C           -3.81447425325113       -2.16363466387857        2.14406705789421
H           -4.24496772592033       -2.86130202749593        2.86562581001773
H           -4.23236944542445       -2.38873261242716        1.16012787428825
H           -4.10933029098642       -1.15091785699443        2.42909007479537
C            3.08236158830069        2.69935921101729        1.60211809979141
O            3.35949570564907        3.52391236798566        0.73394965138676
O            1.67909362501796        1.67970626044237        3.53552110466063
31
 energy: -68.892345206663 gnorm: 0.008126192930 xtb: 6.6.1 (unknown)
Fe           0.52392941968538        0.99694190147507        0.77418946979914
Fe           0.87107066812874       -0.84742343444333       -0.91080413145888
Fe          -1.11947576375134        0.72059134173250       -1.12110236548643
Fe          -1.05375999155687       -0.97420881328310        0.75132055248141
S           -1.60372890960940        1.09394763433770        0.94280772331555
S            1.05245461237536       -1.05660010742783        1.19837503824275
S            0.95503228648805        1.24497055290437       -1.33003335631556
S           -1.19903296260630       -1.40319187961242       -1.33680363410668
S            1.50474422495493        2.47342507322243        2.23229992739892
C            4.18237885719101        1.83861755094375        2.28569488080018
H            4.55476251238012        2.37461995197586        3.15701482564397
H            5.00308049026318        1.66081925011280        1.59813971911810
H            3.76315778284968        0.89828630708265        2.61961492548968
S            2.04159295663293       -2.21761922242973       -2.17721969291215
C            3.83906345531747       -1.95432778775772       -2.09693669772284
H            4.12187153803173       -0.93897920114810       -2.38444558780443
H            4.29510706620549       -2.64998893168413       -2.80568779068644
H            4.24256097744170       -2.16599444639396       -1.10359652599242
S           -2.25145368119366        1.95487453499911       -2.57530389449597
C           -4.00598803532650        2.02760860827407       -2.09924998220390
H           -4.50619118509585        1.06824569382786       -2.25126012239046
H           -4.48366979920078        2.76856641082405       -2.74355649394066
H           -4.14387217700224        2.33654234332217       -1.05968381374266
S           -2.02282469625651       -2.36811865408665        2.17112718195185
C           -3.82722240882456       -2.15525116445101        2.14180281298104
H           -4.24715209270648       -2.85613993514797        2.86632559696898
H           -4.25150356503720       -2.38255060919397        1.16136597856222
H           -4.12588185929621       -1.14465661853810        2.42981807589035
C            3.11204454416024        2.66097611041278        1.60262699511558
O            3.39167456738835        3.47823247122438        0.72815246211922
O            1.71773013791741        1.69940558873453        3.55517903328120
31
 energy: -68.893000128610 gnorm: 0.006764068143 xtb: 6.6.1 (unknown)
Fe           0.52125016843326        0.99329234502496        0.75447649542558
Fe           0.85553536747797       -0.84576620510267       -0.93456787163700
Fe          -1.12658640367929        0.72904132890635       -1.14261136525670
Fe          -1.07116541847785       -0.96706402384970        0.72988895507744
S           -1.60568537659514        1.10530567055501        0.92210741872505
S            1.03752423249789       -1.06015933671795        1.17374683015215
S            0.94788395167206        1.24806891502941       -1.34976745557264
S           -1.21364842124289       -1.39589488834283       -1.35773009541697
S            1.53315541751463        2.43302914941314        2.22420279698994
C            4.22963969764598        1.83361935087494        2.31107991319537
H            4.57305314977834        2.40361411917956        3.17457023825300
H            5.06666752621432        1.67688167685042        1.63262060794890
H            3.84453870305425        0.87750279282243        2.66375693841177
S            2.04394374502444       -2.21344649989388       -2.18784516128262
C            3.83612730178280       -1.92309505988355       -2.07212200731154
H            4.10837252937149       -0.90461432403788       -2.35792773970033
H            4.31720563357779       -2.61388972044026       -2.76943676412748
H            4.22252678829212       -2.12478448429449       -1.06986015827752
S           -2.29254882972329        1.92620241640197       -2.60461040072328
C           -4.03675687068595        2.00648349978200       -2.09729113217545
H           -4.54387377459521        1.04968699716581       -2.23845461355058
H           -4.52332754076572        2.74839587897621       -2.73397161629101
H           -4.15494752358208        2.31681698328992       -1.05686433461112
S           -2.03645077016442       -2.34729332992583        2.15999556459332
C           -3.84171544446446       -2.14443208467265        2.13568734092358
H           -4.25364965154705       -2.84904674959211        2.86077898240952
H           -4.26889406777734       -2.37301148795281        1.15717254712937
H           -4.14525678772469       -1.13617001927010        2.42652955688051
C            3.14218270649331        2.61318704806077        1.59241216677946
O            3.41166042286675        3.40236237934957        0.69108370240950
O            1.75373850927613        1.71679818209995        3.58312177052980
31
 energy: -68.893403575417 gnorm: 0.010987909524 xtb: 6.6.1 (unknown)
Fe           0.52306213283104        0.98707852284582        0.74391980059293
Fe           0.84183084706111       -0.84373130000655       -0.95428600096907
Fe          -1.13164072360147        0.73847024420467       -1.15341141684280
Fe          -1.08577675777599       -0.96289559768090        0.71366293868654
S           -1.60414534131286        1.11198735178577        0.91317409912254
S            1.02457177050887       -1.07093615945752        1.15226165459049
S            0.94221929458545        1.25209361323337       -1.36030563136234
S           -1.22761396919544       -1.38696972461356       -1.37508700523611
S            1.56078353962647        2.40196228198116        2.22629694924867
C            4.27339360965689        1.83390139090012        2.32895467677936
H            4.58223702899625        2.44855900730704        3.17861639280254
H            5.12568418203187        1.70382452645824        1.65989145486039
H            3.94310106701462        0.86300006542899        2.70845863410387
S            2.04465905383150       -2.20333172736041       -2.20279627708803
C            3.83088762835587       -1.89190363049714       -2.04736063451223
H            4.09654308249006       -0.87084656370754       -2.32915263486415
H            4.33569975660767       -2.57773032122329       -2.73260511041258
H            4.19689977744722       -2.08697756213837       -1.03608619206133
S           -2.32124127817851        1.90624710677560       -2.62245845304524
C           -4.05660993764724        1.98794745957986       -2.09085435001336
H           -4.56630032088956        1.03161585862948       -2.22385185523171
H           -4.55256018249234        2.72918921319684       -2.72124883049247
H           -4.16039785913854        2.29866873606643       -1.04978502037813
S           -2.05061086783089       -2.32998735874999        2.15244162327032
C           -3.85597691140830       -2.13268875376143        2.12669233896742
H           -4.26524418967772       -2.84005813915609        2.85017835091885
H           -4.28233532294824       -2.36075602223347        1.14792065463613
H           -4.16327965471354       -1.12604951402762        2.41952805977206
C            3.16235006672489        2.55267550242835        1.57463323322738
O            3.41523602607904        3.30302450914639        0.63356255462197
O            1.75507342291025        1.71623750444948        3.58926710620768
31
 energy: -68.893755950773 gnorm: 0.009061557155 xtb: 6.6.1 (unknown)
Fe           0.51407009084396        0.97549401694396        0.73670766438487
Fe           0.82970886863028       -0.84533130291870       -0.96391142079998
Fe          -1.13934944016365        0.73962033798397       -1.15772750260458
Fe          -1.09901442010268       -0.96754030708407        0.70275806425135
S           -1.61067488440243        1.10790376919796        0.91169469997668
S            1.01137332078070       -1.08426282148998        1.14172829784712
S            0.93402717806407        1.25167368398404       -1.36497204079626
S           -1.24058399968924       -1.38524947750987       -1.38727016437541
S            1.58476275080496        2.37020239323918        2.21672166369428
C            4.30052022837577        1.84390222087380        2.33845998086465
H            4.58306078278279        2.48776651052664        3.17686282956051
H            5.16568455773104        1.72123601009234        1.68212283815077
H            3.99560617725512        0.87229445844887        2.74030255599286
S            2.04663289229295       -2.18960752104328       -2.21449687261793
C            3.82796626764816       -1.86760444427197       -2.02846998354871
H            4.09178872952476       -0.84485673547739       -2.30551009835695
H            4.34822233298442       -2.54991920449149       -2.70482217376494
H            4.17752760968763       -2.06054008561380       -1.01103139775872
S           -2.33398310149096        1.89991149607225       -2.62760917425596
C           -4.06446943740969        1.97799222275743       -2.08259655144836
H           -4.57299428901460        1.02017732887568       -2.21127969884332
H           -4.56814723852532        2.71734745903675       -2.70922080103771
H           -4.16083245145055        2.28862381137360       -1.04071543106258
S           -2.06420030892029       -2.32821246952919        2.14682300617365
C           -3.86848971336873       -2.12545111206786        2.11620866939624
H           -4.28218313111709       -2.83281248255917        2.83691395778103
H           -4.29247228767020       -2.35025031349837        1.13555560055293
H           -4.17422038054686       -1.11851910360437        2.41008743309282
C            3.18071185930070        2.51505243764674        1.55343743018356
O            3.41771348672521        3.22363422950786        0.57402497312764
O            1.79273692038851        1.71894551440095        3.60939475613978
31
 energy: -68.894146708454 gnorm: 0.007608422182 xtb: 6.6.1 (unknown)
Fe           0.50521547697252        0.96496263326122        0.73963233412103
Fe           0.82209040202786       -0.85057937906059       -0.96553055349280
Fe          -1.14511699359587        0.73497122459402       -1.15214444301265
Fe          -1.10544621302135       -0.97712467883742        0.70288086206599
S           -1.61778458779717        1.09739506864028        0.91909816474364
S            1.00380327836165       -1.09724317011531        1.13898326694238
S            0.92771615190014        1.24700923506005       -1.35898740967388
S           -1.25048288048960       -1.38849567133987       -1.38836614792963
S            1.60186564949602        2.35320167944380        2.20680479865318
C            4.31262927463214        1.86164842010761        2.33598021376377
H            4.57889271472874        2.51536167764735        3.16790806564683
H            5.18451887232838        1.73600188982235        1.69194986164210
H            4.00735572239853        0.89863444472777        2.74824121680233
S            2.04835156094463       -2.17798199399920       -2.22345221789228
C            3.82571510530052       -1.85368991131700       -2.01631113615333
H            4.09156461655811       -0.82979217504283       -2.28808915348815
H            4.35419853707329       -2.53369651492102       -2.68694177973511
H            4.16333230465366       -2.04840057235403       -0.99564160780755
S           -2.32942266276276        1.90885348211115       -2.61622082013809
C           -4.06000164932252        1.97570797987145       -2.07227165483335
H           -4.56154961927667        1.01384319701280       -2.20119431436259
H           -4.56881484989948        2.71151306648023       -2.69865148990255
H           -4.15843935229371        2.28556704407091       -1.03005258557223
S           -2.07582470886696       -2.34043485683249        2.14285610403012
C           -3.87830088991396       -2.12210962995953        2.10616650543757
H           -4.30243518963411       -2.82656900614326        2.82394885648693
H           -4.29929854946143       -2.34145641099539        1.12259595608049
H           -4.17663933206078       -1.11277422857291        2.39988876162907
C            3.19403860007146        2.50064527952874        1.53682855398739
O            3.42080754094075        3.17376453644664        0.53042403695230
O            1.81796063995711        1.70288786046656        3.59983886490847
31
 energy: -68.894555165030 gnorm: 0.008335168217 xtb: 6.6.1 (unknown)
Fe           0.50029223397650        0.94492380351088        0.74677413344946
Fe           0.80612454410522       -0.86169087318097       -0.97349241317049
Fe          -1.15570054683627        0.72856606148516       -1.14333781511614
Fe          -1.11779316385750       -0.99314780113363        0.69923394401509
S           -1.62235624046630        1.08229215562129        0.93043464332516
S            0.98995939535758       -1.12363951413199        1.12938225789414
S            0.91657738239768        1.23740070632377       -1.35116787438286
S           -1.26916967779285       -1.39279749345187       -1.39449931435830
S            1.63420211452542        2.32752666924967        2.17931553203889
C            4.34122395595194        1.88834669588827        2.33805191354782
H            4.56625712759809        2.56782115600683        3.16346623220249
H            5.23369587799441        1.76678581815952        1.72216877475339
H            4.04521539579983        0.93157358176942        2.76601763416017
S            2.05104702585629       -2.16333054915083       -2.24107938190849
C            3.82118796796083       -1.82636942806236       -1.99231744938999
H            4.08615495184833       -0.79926454746723       -2.25520677435702
H            4.37177896793425       -2.50093199074168       -2.65150114957550
H            4.13665450758315       -2.01997624962580       -0.96391040803681
S           -2.33074540382254        1.92089130316653       -2.60083322247674
C           -4.06097437303984        1.96893961975569       -2.05276013673955
H           -4.55172809326764        1.00080173225629       -2.18002859131679
H           -4.58016772607629        2.69865839376803       -2.67771470417081
H           -4.15990880698080        2.27794030086075       -1.00982933910866
S           -2.09882584736814       -2.36152684362305        2.13025389867919
C           -3.89840311254483       -2.11522526847968        2.08771478720383
H           -4.33779713184166       -2.81481782398661        2.80182951141538
H           -4.31786322048101       -2.32520484279807        1.10100630303917
H           -4.18230904591708       -1.10173057787599        2.38248678813247
C            3.21947198519588        2.46372553312677        1.49835667122427
O            3.44047611031941        3.08831938641795        0.45841972716585
O            1.85392181583774        1.68676140614388        3.57293693176078
31
 energy: -68.894853192772 gnorm: 0.004772174975 xtb: 6.6.1 (unknown)
Fe           0.49499750086363        0.92225369823267        0.75085210000692
Fe           0.78991830191255       -0.87586339158942       -0.97904963512902
Fe          -1.16760040625110        0.72018227831725       -1.13440744293911
Fe          -1.12682325141646       -1.01199416709023        0.69632389966704
S           -1.62713474710421        1.06339417917009        0.94149690081412
S            0.97961445647352       -1.14999416275877        1.12322035262252
S            0.90536369115099        1.22373952203288       -1.34805514037315
S           -1.28654297145494       -1.39914741065006       -1.39922775201193
S            1.66331009015287        2.30666148706792        2.14114837127371
C            4.36981279974693        1.91220912138899        2.33983972578299
H            4.55732948299768        2.61218069495113        3.15744862019122
H            5.27886533355315        1.79810973288783        1.75066331686414
H            4.08236222297736        0.95911179479170        2.77753693831839
S            2.05655057805092       -2.15259239280126       -2.25239450423069
C            3.81897202086214       -1.80208631423488       -1.96817196897407
H            4.08080275475518       -0.77193311316425       -2.22381052430882
H            4.38857671982319       -2.47063797202754       -2.61765095056523
H            4.11575341281675       -1.99498563627884       -0.93401597836120
S           -2.33431865883153        1.94065527880574       -2.57612483571651
C           -4.06657932425190        1.96334061304335       -2.03290952401211
H           -4.54302052128041        0.98820646239695       -2.16024448808942
H           -4.59493185191334        2.68577480570268       -2.65836136181802
H           -4.17068731596302        2.27105040659168       -0.99041730796881
S           -2.12463507814000       -2.38779744570339        2.11166000931461
C           -3.92073850812607       -2.10959557883866        2.06829634368993
H           -4.37393000907329       -2.80309243299551        2.78024361331936
H           -4.34212013022214       -2.31001022523178        1.08034467990328
H           -4.18669997694739       -1.09153415325023        2.36487142206656
C            3.25116489303069        2.43953836346244        1.46528489231095
O            3.47651707080640        3.02667164576068        0.40787747651949
O            1.88635039095243        1.67980483181055        3.53790386173214
31
 energy: -68.895093199186 gnorm: 0.008694947201 xtb: 6.6.1 (unknown)
Fe           0.49184853601545        0.89574563588932        0.75426140623369
Fe           0.77089530868467       -0.89192460893082       -0.99056027997214
Fe          -1.18226134028286        0.71245166826641       -1.12767920451455
Fe          -1.13763502925400       -1.03190349185774        0.68829870990489
S           -1.62981377430364        1.04357678034051        0.95123854732696
S            0.96784873776792       -1.18007805025550        1.11098956897938
S            0.89211867646596        1.20897852876320       -1.34591991548844
S           -1.30615195842689       -1.40513883146751       -1.40936705269784
S            1.69992364401917        2.28379333291684        2.09816354959896
C            4.40957332740163        1.93400707955893        2.34590067516205
H            4.55257588205247        2.66526863468608        3.14808832531885
H            5.33674070135162        1.83578536741132        1.78395491025335
H            4.14705828175408        0.97996206073497        2.80282483939868
S            2.06444981797144       -2.14314332663529       -2.26456580839016
C            3.81635719618081       -1.77052184362188       -1.93725883892649
H            4.07080300037183       -0.73652088187136       -2.18534447750136
H            4.41018901275734       -2.43077702625986       -2.57432571574596
H            4.09106615392840       -1.96093839419602       -0.89629072472021
S           -2.34605740941174        1.96085415934814       -2.54880812428713
C           -4.08029146441763        1.95337053738641       -2.00978326909764
H           -4.54069330547548        0.97061066569656       -2.13640790522091
H           -4.61992709071925        2.66646268538547       -2.63628890983639
H           -4.18987277066833        2.26053902625480       -0.96806913885716
S           -2.15693331677013       -2.41322143654204        2.08588839476407
C           -3.94854092578220       -2.10194245840601        2.04349555503553
H           -4.41395526882098       -2.78922223722036        2.75349385839724
H           -4.37351959821183       -2.29210735502424        1.05523007236636
H           -4.19568958049269       -1.07998483498602        2.34298717182491
C            3.29201575258861        2.40398103229690        1.42961729570442
O            3.52136157750762        2.94208697118843        0.34464387089685
O            1.91701619617005        1.69157113094828        3.51176372398922
31
 energy: -68.895256769366 gnorm: 0.011037724367 xtb: 6.6.1 (unknown)
Fe           0.49556240140366        0.86875713531889        0.75943732437462
Fe           0.75531241568043       -0.91133914853526       -0.99833381583131
Fe          -1.19680389668973        0.70238991520400       -1.11680043216833
Fe          -1.14219817049268       -1.05374855800958        0.68381878279310
S           -1.62590919950046        1.02152950432894        0.96557425627811
S            0.96170901642637       -1.20927138345820        1.10330559422747
S            0.88052326584405        1.18999744497426       -1.34374391572908
S           -1.32190326584505       -1.41323532534089       -1.41584986403519
S            1.73250392602754        2.27365954632180        2.05094594550880
C            4.43889105445953        1.95166168587163        2.34243284733893
H            4.54643923721039        2.69490369838218        3.13326030689104
H            5.37867093706954        1.87337215672931        1.80328843750613
H            4.19247512567262        0.99668521505329        2.80674342105665
S            2.07597491113294       -2.14296809903993       -2.26519315013092
C            3.81652277271776       -1.74900340762965       -1.90922412336542
H            4.06110713438679       -0.71169844102845       -2.15241498917341
H            4.42761605259321       -2.40091900951534       -2.53693241102520
H            4.07683815574591       -1.93774571393785       -0.86538483353604
S           -2.35471143962896        1.99136297548414       -2.50815118283449
C           -4.09627107734183        1.94717723243867       -1.98762929695863
H           -4.53635338202805        0.95572785991647       -2.11776451131465
H           -4.64368724517333        2.64884074325925       -2.61982182513861
H           -4.22088747437859        2.25432151117272       -0.94747083472000
S           -2.18991348768536       -2.44629994078235        2.05495557220861
C           -3.97551761068993       -2.09778058520816        2.01773257742286
H           -4.45200067220655       -2.77668303720896        2.72776010528057
H           -4.40737768824520       -2.27795936223066        1.03104983981150
H           -4.20073647030091       -1.07188652288195        2.31991484082430
C            3.33359878245280        2.38876864609484        1.40136650163673
O            3.58237322122068        2.90658084510106        0.32132762132542
O            1.93865164011469        1.71642293895211        3.48197232137517
31
 energy: -68.895365985269 gnorm: 0.005066088770 xtb: 6.6.1 (unknown)
Fe           0.49765426193238        0.85746859668949        0.75321451096857
Fe           0.74858029727583       -0.91766491765765       -1.00455198324088
Fe          -1.20073257744034        0.70322302551102       -1.11448393897668
Fe          -1.14690640958598       -1.05960715554993        0.67969375297761
S           -1.62315724949896        1.01594142173508        0.97017281626911
S            0.95693764353076       -1.22256815436580        1.09678562299691
S            0.87773958551065        1.18369954190924       -1.35019651306987
S           -1.33025490146138       -1.41120420930514       -1.42142627749567
S            1.75140215531933        2.26095256257196        2.03541821832593
C            4.45995080759209        1.95996480697489        2.34754273417906
H            4.54668881546873        2.71402422612527        3.13266421597375
H            5.40743729588654        1.89240900710459        1.81714695051736
H            4.22755817807541        1.00438390443816        2.82080229202915
S            2.07947076948295       -2.14145139501651       -2.26862477996836
C            3.81361069872508       -1.73387373523140       -1.89371056615628
H            4.05226773539117       -0.69467239138916       -2.13438785394904
H            4.43782505249514       -2.38113997854926       -2.51430302126873
H            4.06352710458757       -1.91942271620822       -0.84614070753763
S           -2.36631574205822        1.99510737088215       -2.49416100470300
C           -4.10861196467971        1.94023106755508       -1.97775516031188
H           -4.54127623158845        0.94575154998416       -2.10843445597172
H           -4.65894022717068        2.63817611442694       -2.61140450056667
H           -4.23767221152949        2.24679969666829       -0.93792661507766
S           -2.20394954387805       -2.45451634668791        2.04101357074780
C           -3.98660211674358       -2.09310189486082        2.00464436977378
H           -4.46782068498969       -2.76915733161095        2.71411594413119
H           -4.42011650762495       -2.26913996801500        1.01788132831715
H           -4.20512083351983       -1.06624562587228        2.30763624853452
C            3.35512995508510        2.36950586635451        1.39087492089148
O            3.60219515640123        2.85874872810632        0.29036947102052
O            1.95000065896195        1.72899885307808        3.47770152053865
31
 energy: -68.895421193941 gnorm: 0.003663733081 xtb: 6.6.1 (unknown)
Fe           0.50398383702819        0.85784809950194        0.74796158704657
Fe           0.74983351181669       -0.91808276764536       -1.00821365324003
Fe          -1.19818525062251        0.70672004461339       -1.11483322831713
Fe          -1.14509148379274       -1.05696815444604        0.67937817696150
S           -1.61580051269105        1.01914193531792        0.97091898063801
S            0.95956380721466       -1.22267128454420        1.09262895408568
S            0.88111418155863        1.18306385182356       -1.35475117415827
S           -1.33110886000488       -1.40735124693351       -1.42191623583326
S            1.75495891268684        2.25800660657082        2.03957299087441
C            4.46257280941516        1.95949083217140        2.34926306312281
H            4.54574128020497        2.70878910001568        3.13742823332380
H            5.40912502660565        1.89857532298374        1.81564867358973
H            4.23427437230372        1.00257743109899        2.81958788339897
S            2.07898001495155       -2.14782912103085       -2.26672381486535
C            3.81062001224211       -1.73379454980113       -1.89113872781969
H            4.04576040535141       -0.69426860663835       -2.13290775872933
H            4.43760366653389       -2.37924291679307       -2.50995428258777
H            4.06035924448241       -1.91727402926085       -0.84326715265883
S           -2.37234838761159        1.99113802296480       -2.49089738836579
C           -4.11501049018227        1.93696198406637       -1.97749971524172
H           -4.54728817998083        0.94289101423381       -2.10957785504168
H           -4.66312900461108        2.63510341753590       -2.61265835966960
H           -4.24768644251244        2.24305238759831       -0.93770839124862
S           -2.20379455529082       -2.45109623444969        2.03804215652007
C           -3.98509363741961       -2.09082869793580        2.00106596945753
H           -4.46641876069420       -2.76630675191019        2.71083541169896
H           -4.41830440093610       -2.26740658575560        1.01426129847107
H           -4.20461046655630       -1.06444313043584        2.30312452551714
C            3.35787118967825        2.36565575622873        1.39504521803435
O            3.60246039459838        2.85365933421805        0.29249386493799
O            1.94954673618654        1.73650945643196        3.48496185999682
31
 energy: -68.895465171014 gnorm: 0.004127800106 xtb: 6.6.1 (unknown)
Fe           0.51337074314450        0.84838890284911        0.74213866874149
Fe           0.74470011602791       -0.92350230636050       -1.01829851773815
Fe          -1.20014414179455        0.70834726437510       -1.11300523515759
Fe          -1.14499051579624       -1.05997869390731        0.67648169003773
S           -1.60435242074150        1.01748037299308        0.97559965632750
S            0.96076209265923       -1.23424744041953        1.08115382563846
S            0.88054292751328        1.17813360950671       -1.36046208060994
S           -1.33958920417289       -1.40491944378251       -1.42544026751698
S            1.77064089719254        2.24453987310458        2.03143779888904
C            4.47715791688071        1.96730521277303        2.35428435745882
H            4.53595684870022        2.71728415275501        3.14632617137395
H            5.43064580726319        1.92403735010034        1.82677089999963
H            4.26282745920092        1.00713207172051        2.82175604501635
S            2.07893209605029       -2.15530689638436       -2.27046947871052
C            3.80329193789050       -1.72603955082366       -1.87904952636395
H            4.03131312615181       -0.68496906658102       -2.12023699801516
H            4.44285392262554       -2.36634949160106       -2.49044485398003
H            4.04490990721662       -1.90527055268391       -0.82810409694298
S           -2.38297698447842        1.99393394855946       -2.47917293384355
C           -4.12724781455618        1.92834407747599       -1.97011529075213
H           -4.55416397911217        0.93197788981766       -2.10400407147910
H           -4.67704986642386        2.62369528137418       -2.60758738305619
H           -4.26726304369296        2.23360600466691       -0.93023590719506
S           -2.21068161650379       -2.45565187598353        2.02762411058293
C           -3.98864135300967       -2.08328646841303        1.98772729666763
H           -4.47615156182128       -2.75534164475082        2.69688456742679
H           -4.42226026713112       -2.25751379902278        1.00039687068757
H           -4.20273043453975       -1.05530568755213        2.28881917734427
C            3.37275538385003        2.34795432049236        1.38907292505467
O            3.61673257492340        2.82514815971016        0.28219273114766
O            1.96134841643648        1.75199494578596        3.48813095886487
31
 energy: -68.895494522029 gnorm: 0.002846862152 xtb: 6.6.1 (unknown)
Fe           0.51966080143094        0.84104989119749        0.74262285902902
Fe           0.74178429749589       -0.92715668531962       -1.02263834239345
Fe          -1.20076637049723        0.70829962442024       -1.10870669191473
Fe          -1.14201778348811       -1.06382501652548        0.67580050416024
S           -1.59725085697367        1.01363805029816        0.98126960580354
S            0.96406733461424       -1.24286130675155        1.07570555874193
S            0.88061725894851        1.17484431781212       -1.36097111329103
S           -1.34386659801425       -1.40429076574177       -1.42633598431762
S            1.77428016306933        2.24056244404285        2.02815200578283
C            4.48171520141317        1.97404349783926        2.35715974211075
H            4.53299587827293        2.72026843481116        3.14926533948335
H            5.43371816817995        1.94105941452421        1.82978567825745
H            4.27581116477762        1.01053458150909        2.82108209400099
S            2.07743915279080       -2.15879678969723       -2.27497239617359
C            3.79744326634185       -1.72538467159777       -1.87496274252833
H            4.02317452253527       -0.68387182478562       -2.11544954515860
H            4.44235921658629       -2.36305338889519       -2.48223113759183
H            4.03392267502736       -1.90369119882213       -0.82279281575362
S           -2.38496791719707        2.00113938185763       -2.46799253376461
C           -4.13131176893845        1.92391808243707       -1.96634826751989
H           -4.55282986234409        0.92538316494973       -2.10340663070694
H           -4.68227991884382        2.61740416331531       -2.60531753442125
H           -4.27832773451214        2.22725729085512       -0.92654793064835
S           -2.21186905527507       -2.45944930127809        2.02435712342065
C           -3.98785007108550       -2.07788769465663        1.97920614828447
H           -4.48106026648971       -2.74700703547522        2.68757812408823
H           -4.41992597129550       -2.25107818785079        0.99088186927916
H           -4.19799229387569       -1.04821146406611        2.27861365595059
C            3.37853918673729        2.34469075323065        1.39033228769302
O            3.62145430239558        2.81297482074391        0.27936308961784
O            1.96383284816606        1.76111793741286        3.48766909037772
