28
 energy: -57.320065644069 gnorm: 0.101440939408 xtb: 6.6.1 (unknown)
Fe           0.87234680000000        0.96675255000000        0.97226796000000
Fe           0.86218981000000       -0.97415019000000       -0.96992353000000
Fe          -0.86151801000000        0.97472977000000       -0.96947328000000
Fe          -0.87219221000000       -0.96671899000000        0.97104378000000
S           -1.30753707000000        1.28995656000000        1.28452695000000
S            1.30751797000000       -1.29060115000000        1.28424988000000
S            1.32059685000000        1.27805621000000       -1.28219879000000
S           -1.31970180000000       -1.27708173000000       -1.28330925000000
S            1.93313076000000        2.38781730000000        2.39338066000000
C            3.74935508000000        2.18419725000000        2.19133881000000
H            4.27854661000000        2.88216769000000        2.88092990000000
H            4.07172698000000        2.41250697000000        1.15275170000000
H            4.07171206000000        1.14849940000000        2.43240883000000
S            1.90970620000000       -2.39660618000000       -2.39706483000000
C            3.72638718000000       -2.19931720000000       -2.19229855000000
H            4.05071071000000       -1.16140954000000       -2.41979364000000
H            4.25499846000000       -2.88956383000000       -2.88999590000000
H            4.04694852000000       -2.44242536000000       -1.15686102000000
S           -1.90994183000000        2.39721059000000       -2.39590659000000
C           -3.72640306000000        2.19885543000000       -2.19159166000000
H           -4.04949929000000        1.16060112000000       -2.42058487000000
H           -4.25539848000000        2.88884401000000       -2.88846329000000
H           -4.04691840000000        2.43951615000000       -1.15512231000000
S           -1.93381550000000       -2.38796905000000        2.39113674000000
C           -3.75003220000000       -2.18377219000000        2.19198956000000
H           -4.27842052000000       -2.88167551000000        2.88121708000000
H           -4.07334761000000       -2.41175266000000        1.15329800000000
H           -4.07114796000000       -1.14666737000000        2.43204765000000
28
 energy: -57.357024142204 gnorm: 0.032305857614 xtb: 6.6.1 (unknown)
Fe           0.89168280234375        0.93103457507724        0.93681139202417
Fe           0.88198044853347       -0.93879137051230       -0.93446226366489
Fe          -0.88131686078005        0.93948135053633       -0.93420251227309
Fe          -0.89163826992756       -0.93122623256474        0.93580569825635
S           -1.23790163715843        1.21297895475449        1.20807739511212
S            1.23789483995622       -1.21340598583023        1.20777764543111
S            1.25037305248568        1.20189720461300       -1.20557076888799
S           -1.24957709835331       -1.20101367066918       -1.20667188260665
S            1.93716103399533        2.35764274294593        2.36339961002571
C            3.74766067328011        2.17716536171782        2.18439517543712
H            4.25281266997463        2.87228340478018        2.87113530859050
H            4.07558890312945        2.41175210668834        1.16319115628132
H            4.07559264988265        1.15890516525430        2.43146781789870
S            1.91426201174326       -2.36712620977898       -2.36704186665009
C            3.72504063819022       -2.19261573811160       -2.18538364344367
H            4.05490100520999       -1.17190244951239       -2.41897213744613
H            4.22932366525191       -2.87991987055675       -2.88053522085110
H            4.05118731372533       -2.44132724869347       -1.16707817915326
S           -1.91432029957530        2.36796706752244       -2.36598976651289
C           -3.72490781800666        2.19177881081396       -2.18459134732927
H           -4.05383164516889        1.17100251528063       -2.41964948924664
H           -4.22972781178042        2.87940493618643       -2.87877164054363
H           -4.05125347287755        2.43853247612691       -1.16573558130971
S           -1.93762456873561       -2.35804244184468        2.36151108842803
C           -3.74810924065859       -2.17650422550168        2.18450573736029
H           -4.25275182594481       -2.87128648096260        2.87159924835512
H           -4.07730852727661       -2.41098137532550        1.16356778427125
H           -4.07519258145820       -1.15768332243307        2.43141123244655
28
 energy: -57.360784243076 gnorm: 0.027065579098 xtb: 6.6.1 (unknown)
Fe           0.90942699152931        0.87146307982873        0.87740162840049
Fe           0.90059014763514       -0.87974529779862       -0.87511508947957
Fe          -0.89989973109911        0.88062053460838       -0.87506735339496
Fe          -0.90932220042855       -0.87186881895394        0.87681253241230
S           -1.19946180347433        1.20927263838571        1.20474551392702
S            1.19950242193058       -1.20963209833811        1.20451680164021
S            1.21173504028471        1.19860750794905       -1.20224188968641
S           -1.21097972947095       -1.19769888458578       -1.20317799098879
S            1.93219340838951        2.30545124095769        2.31195101166118
C            3.74408310184498        2.16166564993429        2.16908508797422
H            4.20614509658727        2.86761539160814        2.86651647028277
H            4.09115108557904        2.40679052521870        1.16231919179131
H            4.09121647782087        1.15796058590778        2.42642935345956
S            1.91032281208200       -2.31624146380427       -2.31485856291261
C            3.72236703458213       -2.17774485572051       -2.17015754239147
H            4.07143359359781       -1.17141986341767       -2.41419089370009
H            4.18333345128984       -2.87561287315351       -2.87636373206035
H            4.06794130556336       -2.43652255615356       -1.16630655707353
S           -1.91033479101520        2.31730588246132       -2.31395849730725
C           -3.72220274596010        2.17680280422789       -2.16937980889590
H           -4.07030540396500        1.17049727945213       -2.41484973055241
H           -4.18388514702185        2.87525853489588       -2.87456550972983
H           -4.06803378417554        2.43376878277472       -1.16515676185857
S           -1.93265979744724       -2.30618028227730        2.31029287569699
C           -3.74449508271974       -2.16095948175471        2.16905601629704
H           -4.20639809797591       -2.86646349453981        2.86706447334880
H           -4.09272789433936       -2.40600015723379        1.16266873019882
H           -4.09073570962351       -1.15699026047511        2.42653022293783
28
 energy: -57.362359998953 gnorm: 0.004368518909 xtb: 6.6.1 (unknown)
Fe           0.90542716836193        0.89234994317981        0.89825931149009
Fe           0.89644689716117       -0.90068433991498       -0.89587269319119
Fe          -0.89589671530615        0.90117869769748       -0.89546811417898
Fe          -0.90543695464362       -0.89236528858493        0.89734958143094
S           -1.20720095218425        1.21394623866810        1.20932294274194
S            1.20711353961242       -1.21421466472649        1.20898963840573
S            1.21931148462234        1.20281714669913       -1.20662681106865
S           -1.21873599737854       -1.20206806115678       -1.20759075547001
S            1.93902235997559        2.30013884716879        2.30750268691744
C            3.74853915671675        2.15388516398694        2.16149072200432
H            4.19431759154930        2.86548407837094        2.86448627068307
H            4.10276852602115        2.40298736472479        1.15705128105969
H            4.10316604493318        1.15259963195022        2.42250899157962
S            1.91800104780257       -2.31204684748790       -2.30941738605197
C            3.72777197340340       -2.17059525520927       -2.16267394181256
H            4.08409081727701       -1.16665603652469       -2.41075070619372
H            4.17226452538920       -2.87402320099752       -2.87464563618465
H            4.08111112670803       -2.43306099112400       -1.16133097841607
S           -1.91791578471714        2.31301146768106       -2.30828910484031
C           -3.72756563808632        2.16966528290181       -2.16192681899423
H           -4.08292285650563        1.16573274685092       -2.41144921696904
H           -4.17275439319305        2.87368587788557       -2.87287894139400
H           -4.08125276848593        2.43032465697718       -1.16022195631615
S           -1.93935526230344       -2.30082620843666        2.30568849662184
C           -3.74887374097815       -2.15319245387786        2.16145940503353
H           -4.19456347793967       -2.86429253326436        2.86499036256322
H           -4.10429801715017       -2.40217127525863        1.15739271168273
H           -4.10257965066176       -1.15160993817288        2.42265064886240
28
 energy: -57.362460548791 gnorm: 0.001712203201 xtb: 6.6.1 (unknown)
Fe           0.90806299047810        0.88808890965435        0.89416201372484
Fe           0.89929665438711       -0.89656815134366       -0.89170335534316
Fe          -0.89875529767627        0.89752458643496       -0.89171364547110
Fe          -0.90801731011133       -0.88866147613269        0.89372680818378
S           -1.20664512991888        1.21596388741268        1.21151024857183
S            1.20668954226503       -1.21651496050793        1.21134217008491
S            1.21868486295549        1.20525062188990       -1.20897462138092
S           -1.21805211009502       -1.20428226790934       -1.20968345531057
S            1.94429429744959        2.29112285430292        2.29956274391193
C            3.75331566108242        2.14899813604938        2.15679804362134
H            4.19398748401223        2.86126912782525        2.86047697878569
H            4.11046501260119        2.39825273018806        1.15358177110970
H            4.11136730316104        1.14900217789076        2.41752727846370
S            1.92426147507112       -2.30437992008425       -2.30007482986559
C            3.73364302550900       -2.16642208190509       -2.15811193625939
H            4.09303775472357       -1.16379281682154       -2.40651545780645
H            4.17268710917597       -2.87060497664031       -2.87089964440756
H            4.09083656901114       -2.42868656691652       -1.15820659108490
S           -1.92429193203023        2.30570646509182       -2.29920679940226
C           -3.73349686702092        2.16555226622668       -2.15742851811075
H           -4.09179372603519        1.16288892300657       -2.40727414150101
H           -4.17328789889087        2.87026147877928       -2.86922904905988
H           -4.09101423438717        2.42600111647959       -1.15715991994530
S           -1.94471050412431       -2.29223042191039        2.29809282022850
C           -3.75366441969318       -2.14830660208206        2.15680984945775
H           -4.19437747620959       -2.86007701348907        2.86095363454273
H           -4.11189930342302       -2.39739158640788        1.15393526440399
H           -4.11062348226667       -1.14796438907296        2.41770232985097
28
 energy: -57.362491342982 gnorm: 0.002945654182 xtb: 6.6.1 (unknown)
Fe           0.91005180954757        0.88866376568415        0.89486124608892
Fe           0.90183630282193       -0.89713344805442       -0.89204973208246
Fe          -0.90158893669340        0.89662211910848       -0.89054478649522
Fe          -0.91015540751631       -0.88795555904264        0.89302352596089
S           -1.20765493335564        1.21281473369459        1.20903817765217
S            1.20739189454999       -1.21258368530052        1.20783800878708
S            1.21864197519005        1.20158480125673       -1.20504301186537
S           -1.21849567152027       -1.20159661254084       -1.20668218020284
S            1.95473105432770        2.28583322889482        2.29628027499645
C            3.76189980411635        2.14263635282643        2.15070892440619
H            4.20092894447750        2.85416210379775        2.85371610400321
H            4.11972369285417        2.39180937842119        1.14769751053818
H            4.12177829585161        1.14299615180964        2.41037564627322
S            1.93630196461204       -2.30130956997162       -2.29412008901001
C            3.74405894968986       -2.16130781035012       -2.15236485096429
H            4.10453436978654       -1.15909810963850       -2.40103269409769
H            4.18059310581783       -2.86505460570658       -2.86473812366897
H            4.10389162301675       -2.42271415004095       -1.15313676751308
S           -1.93605960454013        2.30182530613355       -2.29211831033852
C           -3.74388341811027        2.16039460293401       -2.15167698274708
H           -4.10338314000136        1.15820742531840       -2.40186049088334
H           -4.18074909162280        2.86476119215339       -2.86331649972879
H           -4.10438947367104        2.42007709703153       -1.15223343377916
S           -1.95478209829339       -2.28625150062121        2.29386393409123
C           -3.76210990928123       -2.14180524551676        2.15064916670987
H           -4.20096356050940       -2.85295674498216        2.85422910216396
H           -4.12124828202134       -2.39077011136673        1.14805158899390
H           -4.12090020952279       -1.14185105591909        2.41058473270099
